## planning-driven-vertical-pipeline
 M .pipeline/planning-driven-vertical-pipeline/final-check.md
 M .pipeline/planning-driven-vertical-pipeline/final-result.json
 M .pipeline/planning-driven-vertical-pipeline/review-report.md
?? .pipeline/metrics/1790283511223916800-3def5210a8ca41dd9c268ac945270dc0.json
?? .pipeline/metrics/1790283628626061200-611c5daf64d3470e8000ddca4a89b748.json
?? .pipeline/metrics/1790285172531918400-c9cefcca11b54dd0bc6646c12f6ea3ad.json
?? .pipeline/metrics/1790286196809396600-a6da54ce1e1c424da0b10eff08182574.json
?? .pipeline/metrics/1790286199612652600-5311260ef2e547a5aaba6ac39c5ba83e.json
?? .pipeline/metrics/1790296992657835400-06a6486b323c41988a2ab9b2745a77e6.json
?? .pipeline/metrics/1790298676122771100-a2e761ef5c4b49c28e169f5e09cfb3ca.json
?? .pipeline/metrics/1790299217287837000-60cbdfedc1164b75934129991bffcc51.json
?? .pipeline/metrics/1790299218667009300-5ec83a382a74471d9a1318d4c6ac071c.json
?? .pipeline/metrics/1790299218670576100-e7fe916c6ae542989a12b3e315d9c169.json
?? .pipeline/metrics/1790299276555654500-9eb7999ec1d242aeb225d7ead13e02be.json
?? .pipeline/metrics/1790299276559830200-71811b25332b438a998be79a4454208a.json
?? .pipeline/metrics/1790299278035930000-0cf9ee4b5f284609a7bd373f094fdda5.json
?? .pipeline/metrics/1790299278038978700-9b56d77554f347b5af4c996c67fb6a82.json
?? .pipeline/metrics/1790300230523699400-a749470e48254b70939f58ffa61314dc.json
?? .pipeline/metrics/1790300231191993500-3aafaf9916004846be9947ac4346ac01.json
?? .pipeline/metrics/1790300515031125600-1a7efc61846943f286243fe18f1f4e17.json
?? .pipeline/metrics/1790300515035261900-e562e2b198ce443a9624cdb1498ee637.json
?? .pipeline/metrics/1790300699654127100-321d26f41d4f4bad8331a4738da60a07.json
?? .pipeline/metrics/1790300699660002400-7cc0869cd141497c855f3862be0b572e.json
?? .pipeline/metrics/1790300733505406600-cc0e519e06fb489681567ee37965db45.json
?? .pipeline/metrics/1790300733508470300-c82849b034a447dbbc675d55a819f773.json
?? .pipeline/metrics/1790300733984687400-ae955328bee4499691ffdc1e4f9d5f8f.json
?? .pipeline/metrics/1790300733987836600-25dbbb057254435285b1f942f929cf59.json
?? .pipeline/metrics/1790300734506598700-0d7a8b5a5577467dac07550ae3e14e7b.json
?? .pipeline/metrics/1790300734510074900-414902d130e148f1afb767eebb7d8252.json
?? .pipeline/metrics/1790301310741561200-334a2a9523ac48b6bb89a25cc17aafa3.json
?? .pipeline/metrics/1790301355211534100-6e24d4e2d9ec4c4dbaaa2c9a0349d15b.json
?? .pipeline/metrics/1790301355215640800-4ca31988efc94c6ebfdd46e658d915bf.json
?? .pipeline/metrics/1790301355726912800-62c7daaaac5a4ef88bb843db54f4f45e.json
?? .pipeline/metrics/1790301355729972800-9bc644a2a3c34ff480c3c6b0b952347a.json
?? .pipeline/metrics/1790301747915536100-743053cc8b474cbba0f247efbf74f16c.json
?? .pipeline/metrics/1790301792254932900-2761f5ff026d4b6fbf425aa68a900534.json
?? .pipeline/metrics/1790301792257633900-e733366bcebc4c55bde592e616b81e0e.json
?? .pipeline/metrics/1790301792838886700-f0e66c485cde4a39858f14e2cc1dc550.json
?? .pipeline/metrics/1790301792841955100-dfeca0679f8b47a887273f58afadf1f2.json
?? .pipeline/metrics/1790302345989186500-185a2710d7d3421d9e466559dbf31df7.json
?? .pipeline/metrics/1790302345993788800-e730bade1a9644d5a7829165c9eb1789.json
?? .pipeline/planning-driven-vertical-pipeline/executor-diff-check-final.log
?? .pipeline/planning-driven-vertical-pipeline/executor-diff-check-rerun.log
?? .pipeline/planning-driven-vertical-pipeline/executor-diff-check.log
?? .pipeline/planning-driven-vertical-pipeline/executor-focused.log
?? .pipeline/planning-driven-vertical-pipeline/executor-full-tests-final.log
?? .pipeline/planning-driven-vertical-pipeline/executor-full-tests-rerun.log
?? .pipeline/planning-driven-vertical-pipeline/executor-full-tests.log
?? .pipeline/planning-driven-vertical-pipeline/executor-lifecycle-cli.log
?? .pipeline/planning-driven-vertical-pipeline/executor-progress.jsonl
?? .pipeline/planning-driven-vertical-pipeline/executor-report.md
?? .pipeline/planning-driven-vertical-pipeline/executor-result.json
?? .pipeline/planning-driven-vertical-pipeline/executor-status.log
?? .pipeline/planning-driven-vertical-pipeline/executor-task-validate-final.log
?? .pipeline/planning-driven-vertical-pipeline/executor-task-validate.log
?? .pipeline/planning-driven-vertical-pipeline/executor-test-planning.log
?? .pipeline/planning-driven-vertical-pipeline/final-cli.exit
?? .pipeline/planning-driven-vertical-pipeline/final-cli.json
?? .pipeline/planning-driven-vertical-pipeline/final-cli.log
?? .pipeline/planning-driven-vertical-pipeline/final-diff-check.exit
?? .pipeline/planning-driven-vertical-pipeline/final-diff-check.log
?? .pipeline/planning-driven-vertical-pipeline/final-full-tests.exit
?? .pipeline/planning-driven-vertical-pipeline/final-full-tests.log
?? .pipeline/planning-driven-vertical-pipeline/final-gate.log
?? .pipeline/planning-driven-vertical-pipeline/final-readiness-before.exit
?? .pipeline/planning-driven-vertical-pipeline/final-readiness-before.log
?? .pipeline/planning-driven-vertical-pipeline/final-readiness.log
?? .pipeline/planning-driven-vertical-pipeline/final-task-validate.exit
?? .pipeline/planning-driven-vertical-pipeline/final-task-validate.log
?? .pipeline/planning-driven-vertical-pipeline/final-verify.log
?? .pipeline/planning-driven-vertical-pipeline/main-progress.jsonl
?? .pipeline/planning-driven-vertical-pipeline/reviewer-cli-after-subcommand.log
?? .pipeline/planning-driven-vertical-pipeline/reviewer-cli-global.json
?? .pipeline/planning-driven-vertical-pipeline/reviewer-cli-global.log
?? .pipeline/planning-driven-vertical-pipeline/reviewer-diff-check.log
?? .pipeline/planning-driven-vertical-pipeline/reviewer-evidence-readiness-final.log
?? .pipeline/planning-driven-vertical-pipeline/reviewer-evidence-readiness-rerun.log
?? .pipeline/planning-driven-vertical-pipeline/reviewer-evidence-readiness.log
?? .pipeline/planning-driven-vertical-pipeline/reviewer-evidence-verify-final.log
?? .pipeline/planning-driven-vertical-pipeline/reviewer-evidence-verify-rerun.log
?? .pipeline/planning-driven-vertical-pipeline/reviewer-evidence-verify.log
?? .pipeline/planning-driven-vertical-pipeline/reviewer-full-tests.log
?? .pipeline/planning-driven-vertical-pipeline/reviewer-round2-diff-check.log
?? .pipeline/planning-driven-vertical-pipeline/reviewer-round2-evidence-readiness.log
?? .pipeline/planning-driven-vertical-pipeline/reviewer-round2-evidence-verify.log
?? .pipeline/planning-driven-vertical-pipeline/reviewer-round2-full-tests.log
?? .pipeline/planning-driven-vertical-pipeline/reviewer-round2-status.log
?? .pipeline/planning-driven-vertical-pipeline/reviewer-round2-task-validate.log
?? .pipeline/planning-driven-vertical-pipeline/reviewer-round4-diff-check.log
?? .pipeline/planning-driven-vertical-pipeline/reviewer-round4-evidence-readiness.log
?? .pipeline/planning-driven-vertical-pipeline/reviewer-round4-evidence-verify.log
?? .pipeline/planning-driven-vertical-pipeline/reviewer-round4-full-tests.log
?? .pipeline/planning-driven-vertical-pipeline/reviewer-round4-gate-pre-merge.log
?? .pipeline/planning-driven-vertical-pipeline/reviewer-round4-status.log
?? .pipeline/planning-driven-vertical-pipeline/reviewer-round4-task-validate.log
?? .pipeline/planning-driven-vertical-pipeline/reviewer-scope-check.log
?? .pipeline/planning-driven-vertical-pipeline/reviewer-task-validate.log
?? .pipeline/planning/
EXIT_CODE=0
